// Jest Snapshot v1, https://goo.gl/fbAQLP

exports[`Probando hook app Debe hacer render el hook app 1`] = `
<div>
  Hooks works
</div>
`;
