// Jest Snapshot v1, https://goo.gl/fbAQLP

exports[`Pruebas en <ToDoApp></ToDoApp> Debe de mostrar el componente 1`] = `
<div>
  <h1>
    To Do App (
    0
    )
  </h1>
  <div
    className="row"
  >
    <div
      className="col-7"
    >
      <TodoList
        handleDelete={[Function]}
        handleToggle={[Function]}
        todos={Array []}
      />
    </div>
    <div
      className="col-5"
    >
      <TodoAdd
        handleAddToDo={[Function]}
      />
    </div>
  </div>
</div>
`;
